// Jest Snapshot v1, https://goo.gl/fbAQLP

exports[`renders HeaderNav 1`] = `
<Menu
  borderless={true}
  className="top-menu"
  fixed="top"
>
  <MenuItem
    className="logo"
    header={true}
  >
    <i
      className="fab fa-react"
    />
    <p
      className="name-header"
    >
      React bootcamp 2020
    </p>
  </MenuItem>
  <MenuMenu
    className="nav-container"
  >
    <SearchBar />
  </MenuMenu>
  <MenuMenu
    position="right"
  >
    <MenuItem
      onClick={[Function]}
    >
      <Icon
        as="i"
        className="header-icon"
        name="sun"
        size="large"
      />
    </MenuItem>
    <MenuItem>
      <Icon
        as="i"
        className="header-icon"
        name="home icon"
        size="large"
      />
    </MenuItem>
    <MenuItem>
      <Icon
        as="i"
        className="header-icon"
        name="star"
        size="large"
      />
    </MenuItem>
    <MenuItem
      name="avatar"
    >
      <Image
        as="img"
        avatar={true}
        size="tiny"
        src="https://sites.google.com/site/heroespoderosos/_/rsrc/1397058950773/home/Estatua_de_cera_de_Luffy.png?height=330&width=400"
        ui={true}
      />
    </MenuItem>
  </MenuMenu>
</Menu>
`;
